{"uid":"10001","msg":"hello luo"}